<?xml version="1.0" encoding="UTF-8"?>
<testsuites name="jest tests" tests="7" failures="0" errors="0" time="2.366">
  <testsuite name="OrderModel - Schema Validation" errors="0" failures="0" skipped="0" timestamp="2025-09-27T07:34:28" time="2.208" tests="7">
    <testcase classname="OrderModel - Schema Validation Schema Defaults should apply default values correctly" name="OrderModel - Schema Validation Schema Defaults should apply default values correctly" time="0.079">
    </testcase>
    <testcase classname="OrderModel - Schema Validation Schema Defaults should auto-generate order number" name="OrderModel - Schema Validation Schema Defaults should auto-generate order number" time="0.04">
    </testcase>
    <testcase classname="OrderModel - Schema Validation Schema Validation should require essential fields" name="OrderModel - Schema Validation Schema Validation should require essential fields" time="0.005">
    </testcase>
    <testcase classname="OrderModel - Schema Validation Schema Validation should validate item quantity is positive" name="OrderModel - Schema Validation Schema Validation should validate item quantity is positive" time="0.005">
    </testcase>
    <testcase classname="OrderModel - Schema Validation Schema Validation should validate prices are non-negative" name="OrderModel - Schema Validation Schema Validation should validate prices are non-negative" time="0.003">
    </testcase>
    <testcase classname="OrderModel - Schema Validation Schema Validation should validate enum values" name="OrderModel - Schema Validation Schema Validation should validate enum values" time="0.002">
    </testcase>
    <testcase classname="OrderModel - Schema Validation toJSON Transformation should transform document correctly" name="OrderModel - Schema Validation toJSON Transformation should transform document correctly" time="0.004">
    </testcase>
  </testsuite>
</testsuites>